// Jest Snapshot v1, https://goo.gl/fbAQLP

exports[`matches snapshot 1`] = `
<DocumentFragment>
  <div
    class="App"
  >
    <h1
      data-testid="list"
    >
       To do App 
    </h1>
    <div>
      <form
        class="mt-4 col-md-6 offset-md-3"
        data-testid="searchInput"
      >
        <div
          class="form-group"
        >
          <input
            class="form-control"
            placeholder="Add to do"
            type="text"
            value=""
          />
        </div>
        <div
          class="form-group"
        >
          <button
            class="btn-dark"
          >
            Add to do
          </button>
        </div>
      </form>
    </div>
    <div>
      <h3
        class="text-info text-center"
        data-testid="listTitle"
      >
        The To Do List
      </h3>
      <div
        class="row border-bottom p-4"
      >
        <div
          class="col-md-4"
          data-testid="todo"
        >
           Name : Learn React.js 
        </div>
        <div
          class="col-md-4"
        >
          Status:  not Yet 
        </div>
        <div
          class="col-md-2"
        >
          <button
            class="btn btn-danger"
          >
            Delete
          </button>
        </div>
      </div>
      <div
        class="row border-bottom p-4"
      >
        <div
          class="col-md-4"
          data-testid="todo"
        >
           Name : Learn vue.js 
        </div>
        <div
          class="col-md-4"
        >
          Status:  not Yet 
        </div>
        <div
          class="col-md-2"
        >
          <button
            class="btn btn-danger"
          >
            Delete
          </button>
        </div>
      </div>
      <div
        class="row border-bottom p-4"
      >
        <div
          class="col-md-4"
          data-testid="todo"
        >
           Name : Learn Angular.js 
        </div>
        <div
          class="col-md-4"
        >
          Status:  not Yet 
        </div>
        <div
          class="col-md-2"
        >
          <button
            class="btn btn-danger"
          >
            Delete
          </button>
        </div>
      </div>
      <div
        class="row border-bottom p-4"
      >
        <div
          class="col-md-4"
          data-testid="todo"
        >
           Name : Learn Laravel 
        </div>
        <div
          class="col-md-4"
        >
          Status:  not Yet 
        </div>
        <div
          class="col-md-2"
        >
          <button
            class="btn btn-danger"
          >
            Delete
          </button>
        </div>
      </div>
    </div>
  </div>
</DocumentFragment>
`;
